[2024-08-13 07:35:36,602: INFO: main: Welcome to the logging file]
[2024-08-13 07:45:02,640: INFO: main: Welcome to custom logs]
[2024-08-13 07:46:37,528: INFO: main: Welcome to custom logs]
[2024-08-15 04:43:59,891: INFO: comman: yaml file:config\config.yaml load sucessfully]
[2024-08-15 04:43:59,896: INFO: comman: yaml file:params.yaml load sucessfully]
[2024-08-15 04:57:23,933: INFO: comman: yaml file:config\config.yaml load sucessfully]
[2024-08-15 04:57:23,942: INFO: comman: yaml file:params.yaml load sucessfully]
[2024-08-15 05:01:58,657: INFO: comman: yaml file:config\config.yaml load sucessfully]
[2024-08-15 05:01:58,657: INFO: comman: yaml file:params.yaml load sucessfully]
[2024-08-15 05:01:58,657: INFO: comman: Directorys:artifacts sucessfully]
[2024-08-15 05:01:58,673: INFO: 4231104250: Downloading data from https://drive.google.com/file/d/1ecywMHUGscWQMX0OpgE61pliJ2MOepbO/view?usp=drive_link to artifacts/data_ingestion/data.zip]
[2024-08-15 05:02:34,672: INFO: 4231104250: Downloaded data from https://drive.google.com/file/d/1ecywMHUGscWQMX0OpgE61pliJ2MOepbO/view?usp=drive_link to artifacts/data_ingestion/data.zip]
[2024-08-15 05:05:35,562: INFO: comman: yaml file:config\config.yaml load sucessfully]
[2024-08-15 05:05:35,566: INFO: comman: yaml file:params.yaml load sucessfully]
[2024-08-15 05:05:35,566: INFO: comman: Directorys:artifacts sucessfully]
[2024-08-15 05:11:44,770: INFO: comman: yaml file:config\config.yaml load sucessfully]
[2024-08-15 05:11:44,781: INFO: comman: yaml file:params.yaml load sucessfully]
[2024-08-15 05:11:44,784: INFO: comman: Directorys:artifacts sucessfully]
[2024-08-15 05:12:41,762: INFO: comman: yaml file:config\config.yaml load sucessfully]
[2024-08-15 05:12:41,765: INFO: comman: yaml file:params.yaml load sucessfully]
[2024-08-15 05:12:41,771: INFO: comman: Directorys:artifacts sucessfully]
[2024-08-15 05:13:39,509: INFO: comman: yaml file:config\config.yaml load sucessfully]
[2024-08-15 05:13:39,509: INFO: comman: yaml file:params.yaml load sucessfully]
[2024-08-15 05:13:39,515: INFO: comman: Directorys:artifacts sucessfully]
[2024-08-15 05:13:39,515: INFO: 4231104250: Downloading data from https://drive.google.com/file/d/1ecywMHUGscWQMX0OpgE61pliJ2MOepbO/view?usp=drive_link to artifacts/data_ingestion/data.zip]
[2024-08-15 05:14:38,573: INFO: 4231104250: Downloaded data from https://drive.google.com/file/d/1ecywMHUGscWQMX0OpgE61pliJ2MOepbO/view?usp=drive_link to artifacts/data_ingestion/data.zip]
[2024-08-15 05:14:57,183: INFO: comman: yaml file:config\config.yaml load sucessfully]
[2024-08-15 05:14:57,183: INFO: comman: yaml file:params.yaml load sucessfully]
[2024-08-15 05:14:57,183: INFO: comman: Directorys:artifacts sucessfully]
[2024-08-15 05:14:57,189: INFO: 4231104250: Downloading data from https://drive.google.com/file/d/1ecywMHUGscWQMX0OpgE61pliJ2MOepbO/view?usp=drive_link to artifacts/data_ingestion/data.zip]
[2024-08-15 05:15:47,306: INFO: 4231104250: Downloaded data from https://drive.google.com/file/d/1ecywMHUGscWQMX0OpgE61pliJ2MOepbO/view?usp=drive_link to artifacts/data_ingestion/data.zip]
[2024-08-15 05:23:19,756: INFO: comman: yaml file:config\config.yaml load sucessfully]
[2024-08-15 05:23:19,761: INFO: comman: yaml file:params.yaml load sucessfully]
[2024-08-15 05:23:58,187: INFO: comman: yaml file:config\config.yaml load sucessfully]
[2024-08-15 05:23:58,190: INFO: comman: yaml file:params.yaml load sucessfully]
[2024-08-15 05:23:58,192: INFO: comman: Directorys:artifacts sucessfully]
[2024-08-15 05:24:26,122: INFO: comman: yaml file:config\config.yaml load sucessfully]
[2024-08-15 05:24:26,127: INFO: comman: yaml file:params.yaml load sucessfully]
[2024-08-15 05:24:26,127: INFO: comman: Directorys:artifacts sucessfully]
[2024-08-15 05:24:26,132: INFO: comman: Directorys:artifacts/data_ingestion sucessfully]
[2024-08-15 05:24:26,132: INFO: 986331348: Downloading data from https://drive.google.com/file/d/1ecywMHUGscWQMX0OpgE61pliJ2MOepbO/view?usp=drive_link into file artifacts/data_ingestion/data.zip]
[2024-08-15 05:25:03,484: INFO: 986331348: Downloaded data from https://drive.google.com/file/d/1ecywMHUGscWQMX0OpgE61pliJ2MOepbO/view?usp=drive_link into file artifacts/data_ingestion/data.zip]
[2024-08-15 05:26:12,041: INFO: comman: yaml file:config\config.yaml load sucessfully]
[2024-08-15 05:26:12,046: INFO: comman: yaml file:params.yaml load sucessfully]
[2024-08-15 05:26:12,051: INFO: comman: Directorys:artifacts sucessfully]
[2024-08-15 05:26:12,051: INFO: comman: Directorys:artifacts/data_ingestion sucessfully]
[2024-08-15 05:27:19,086: INFO: comman: yaml file:config\config.yaml load sucessfully]
[2024-08-15 05:27:19,086: INFO: comman: yaml file:params.yaml load sucessfully]
[2024-08-15 05:27:19,091: INFO: comman: Directorys:artifacts sucessfully]
[2024-08-15 05:27:19,091: INFO: comman: Directorys:artifacts/data_ingestion sucessfully]
[2024-08-15 05:28:34,704: INFO: comman: yaml file:config\config.yaml load sucessfully]
[2024-08-15 05:28:34,704: INFO: comman: yaml file:params.yaml load sucessfully]
[2024-08-15 05:28:34,709: INFO: comman: Directorys:artifacts sucessfully]
[2024-08-15 05:30:01,630: INFO: comman: yaml file:config\config.yaml load sucessfully]
[2024-08-15 05:30:01,635: INFO: comman: yaml file:params.yaml load sucessfully]
[2024-08-15 05:30:01,635: INFO: comman: Directorys:artifacts sucessfully]
[2024-08-15 05:31:02,063: INFO: comman: yaml file:config\config.yaml load sucessfully]
[2024-08-15 05:31:02,068: INFO: comman: yaml file:params.yaml load sucessfully]
[2024-08-15 05:31:02,068: INFO: comman: Directorys:artifacts sucessfully]
[2024-08-15 05:34:19,353: INFO: comman: yaml file:config\config.yaml load sucessfully]
[2024-08-15 05:34:19,353: INFO: comman: yaml file:params.yaml load sucessfully]
[2024-08-15 05:34:19,358: INFO: comman: Directorys:artifacts sucessfully]
[2024-08-15 05:34:19,361: INFO: 2014032573: Downloading data from https://drive.google.com/file/d/1ecywMHUGscWQMX0OpgE61pliJ2MOepbO/view?usp=drive_link to artifacts/data_ingestion/data.zip]
[2024-08-15 05:35:19,007: INFO: 2014032573: Downloaded data from https://drive.google.com/file/d/1ecywMHUGscWQMX0OpgE61pliJ2MOepbO/view?usp=drive_link to artifacts/data_ingestion/data.zip]
[2024-08-15 06:07:16,809: ERROR: main: name 'STAGE_NAME' is not defined]
Traceback (most recent call last):
  File "D:\AI\Kidney-Disease-Classification-MLflow-DVC\main.py", line 6, in <module>
    logger.info(f">>>>stage:{STAGE_NAME} started<<<<<<")
NameError: name 'STAGE_NAME' is not defined
[2024-08-15 06:07:57,833: INFO: main: >>>>stage:Data Ingestion Stage started<<<<<<]
[2024-08-15 06:07:57,843: INFO: comman: yaml file:config\config.yaml load sucessfully]
[2024-08-15 06:07:57,848: INFO: comman: yaml file:params.yaml load sucessfully]
[2024-08-15 06:07:57,848: INFO: comman: Directorys:artifacts sucessfully]
[2024-08-15 06:07:57,853: ERROR: main: name 'os' is not defined]
Traceback (most recent call last):
  File "D:\AI\Kidney-Disease-Classification-MLflow-DVC\main.py", line 9, in <module>
    obj.main()
  File "D:\AI\Kidney-Disease-Classification-MLflow-DVC\src\cnnClassifier\pipeline\stage01_data_ingestion.py", line 11, in main
    data_ingestion_config = config.get_data_ingestion_config()
  File "D:\AI\Kidney-Disease-Classification-MLflow-DVC\src\cnnClassifier\config\configration.py", line 16, in get_data_ingestion_config
    os.makedirs(config.root_dir,exist_ok = True)
NameError: name 'os' is not defined
[2024-08-15 06:09:27,072: INFO: main: >>>>stage:Data Ingestion Stage started<<<<<<]
[2024-08-15 06:09:27,082: INFO: comman: yaml file:config\config.yaml load sucessfully]
[2024-08-15 06:09:27,087: INFO: comman: yaml file:params.yaml load sucessfully]
[2024-08-15 06:09:27,087: INFO: comman: Directorys:artifacts sucessfully]
[2024-08-15 06:09:27,087: INFO: data_ingestion: Downloading data from https://drive.google.com/file/d/1ecywMHUGscWQMX0OpgE61pliJ2MOepbO/view?usp=drive_link to artifacts/data_ingestion/data.zip]
[2024-08-15 06:10:10,648: INFO: data_ingestion: Downloaded data from https://drive.google.com/file/d/1ecywMHUGscWQMX0OpgE61pliJ2MOepbO/view?usp=drive_link to artifacts/data_ingestion/data.zip]
[2024-08-15 06:10:13,751: INFO: main: >>>>>stage:Data Ingestion Stage completed<<<<<]
[2024-08-15 06:19:25,674: INFO: main: >>>>stage:Data Ingestion Stage started<<<<<<]
[2024-08-15 06:19:25,679: INFO: comman: yaml file:config\config.yaml load sucessfully]
[2024-08-15 06:19:25,699: INFO: comman: yaml file:params.yaml load sucessfully]
[2024-08-15 06:19:25,704: INFO: comman: Directorys:artifacts sucessfully]
[2024-08-15 06:19:25,704: INFO: data_ingestion: Downloading data from https://drive.google.com/file/d/1ecywMHUGscWQMX0OpgE61pliJ2MOepbO/view?usp=drive_link to artifacts/data_ingestion/data.zip]
[2024-08-15 06:20:30,410: INFO: data_ingestion: Downloaded data from https://drive.google.com/file/d/1ecywMHUGscWQMX0OpgE61pliJ2MOepbO/view?usp=drive_link to artifacts/data_ingestion/data.zip]
[2024-08-15 06:20:33,756: INFO: main: >>>>>stage:Data Ingestion Stage completed<<<<<]
[2024-08-17 02:51:43,026: INFO: utils: NumExpr defaulting to 4 threads.]
[2024-08-17 02:51:46,041: INFO: main: >>>>stage:Data Ingestion Stage started<<<<<<]
[2024-08-17 02:51:46,066: INFO: comman: yaml file:config\config.yaml load sucessfully]
[2024-08-17 02:51:46,076: INFO: comman: yaml file:params.yaml load sucessfully]
[2024-08-17 02:51:46,081: INFO: comman: Directorys:artifacts sucessfully]
[2024-08-17 02:51:46,081: INFO: data_ingestion: Downloading data from https://drive.google.com/file/d/1ecywMHUGscWQMX0OpgE61pliJ2MOepbO/view?usp=drive_link to artifacts/data_ingestion/data.zip]
[2024-08-17 02:53:11,632: INFO: data_ingestion: Downloaded data from https://drive.google.com/file/d/1ecywMHUGscWQMX0OpgE61pliJ2MOepbO/view?usp=drive_link to artifacts/data_ingestion/data.zip]
[2024-08-17 02:53:13,517: INFO: main: >>>>>stage:Data Ingestion Stage completed<<<<<]
[2024-08-17 02:56:17,620: INFO: utils: NumExpr defaulting to 4 threads.]
[2024-08-17 03:35:21,418: INFO: comman: yaml file:config\config.yaml load sucessfully]
[2024-08-17 03:35:21,428: INFO: comman: yaml file:params.yaml load sucessfully]
[2024-08-17 03:39:47,975: INFO: comman: yaml file:config\config.yaml load sucessfully]
[2024-08-17 03:39:47,980: INFO: comman: yaml file:params.yaml load sucessfully]
[2024-08-17 03:39:47,985: INFO: comman: Directorys:artifacts sucessfully]
[2024-08-17 03:39:47,985: INFO: comman: Directorys:artifacts/prepare_base_model sucessfully]
[2024-08-17 03:40:28,032: WARNING: saving_utils: Compiled the loaded model, but the compiled metrics have yet to be built. `model.compile_metrics` will be empty until you train or evaluate the model.]
[2024-08-17 03:42:14,400: INFO: comman: yaml file:config\config.yaml load sucessfully]
[2024-08-17 03:42:14,405: INFO: comman: yaml file:params.yaml load sucessfully]
[2024-08-17 03:42:14,410: INFO: comman: Directorys:artifacts sucessfully]
[2024-08-17 03:42:14,410: INFO: comman: Directorys:artifacts/prepare_base_model sucessfully]
[2024-08-17 03:42:17,043: WARNING: saving_utils: Compiled the loaded model, but the compiled metrics have yet to be built. `model.compile_metrics` will be empty until you train or evaluate the model.]
[2024-08-17 03:44:05,957: INFO: comman: yaml file:config\config.yaml load sucessfully]
[2024-08-17 03:44:05,959: INFO: comman: yaml file:params.yaml load sucessfully]
[2024-08-17 03:44:05,964: INFO: comman: Directorys:artifacts sucessfully]
[2024-08-17 03:44:05,964: INFO: comman: Directorys:artifacts/prepare_base_model sucessfully]
[2024-08-17 03:44:08,545: WARNING: saving_utils: Compiled the loaded model, but the compiled metrics have yet to be built. `model.compile_metrics` will be empty until you train or evaluate the model.]
[2024-08-17 03:44:49,766: INFO: comman: yaml file:config\config.yaml load sucessfully]
[2024-08-17 03:44:49,771: INFO: comman: yaml file:params.yaml load sucessfully]
[2024-08-17 03:44:49,771: INFO: comman: Directorys:artifacts sucessfully]
[2024-08-17 03:44:49,776: INFO: comman: Directorys:artifacts/prepare_base_model sucessfully]
[2024-08-17 03:44:52,673: WARNING: saving_utils: Compiled the loaded model, but the compiled metrics have yet to be built. `model.compile_metrics` will be empty until you train or evaluate the model.]
[2024-08-17 03:45:29,106: INFO: comman: yaml file:config\config.yaml load sucessfully]
[2024-08-17 03:45:29,111: INFO: comman: yaml file:params.yaml load sucessfully]
[2024-08-17 03:45:29,116: INFO: comman: Directorys:artifacts sucessfully]
[2024-08-17 03:45:29,116: INFO: comman: Directorys:artifacts/prepare_base_model sucessfully]
[2024-08-17 03:45:32,044: WARNING: saving_utils: Compiled the loaded model, but the compiled metrics have yet to be built. `model.compile_metrics` will be empty until you train or evaluate the model.]
[2024-08-17 03:47:46,698: INFO: comman: yaml file:config\config.yaml load sucessfully]
[2024-08-17 03:47:46,708: INFO: comman: yaml file:params.yaml load sucessfully]
[2024-08-17 03:47:46,711: INFO: comman: Directorys:artifacts sucessfully]
[2024-08-17 03:47:46,713: INFO: comman: Directorys:artifacts/prepare_base_model sucessfully]
[2024-08-17 03:47:49,898: WARNING: saving_utils: Compiled the loaded model, but the compiled metrics have yet to be built. `model.compile_metrics` will be empty until you train or evaluate the model.]
[2024-08-17 03:48:09,879: INFO: comman: yaml file:config\config.yaml load sucessfully]
[2024-08-17 03:48:09,884: INFO: comman: yaml file:params.yaml load sucessfully]
[2024-08-17 03:48:09,889: INFO: comman: Directorys:artifacts sucessfully]
[2024-08-17 03:48:09,889: INFO: comman: Directorys:artifacts/prepare_base_model sucessfully]
[2024-08-17 03:48:13,133: WARNING: saving_utils: Compiled the loaded model, but the compiled metrics have yet to be built. `model.compile_metrics` will be empty until you train or evaluate the model.]
[2024-08-17 03:50:10,610: INFO: comman: yaml file:config\config.yaml load sucessfully]
[2024-08-17 03:50:10,620: INFO: comman: yaml file:params.yaml load sucessfully]
[2024-08-17 03:50:10,620: INFO: comman: Directorys:artifacts sucessfully]
[2024-08-17 03:50:10,620: INFO: comman: Directorys:artifacts/prepare_base_model sucessfully]
[2024-08-17 03:50:13,666: WARNING: saving_utils: Compiled the loaded model, but the compiled metrics have yet to be built. `model.compile_metrics` will be empty until you train or evaluate the model.]
[2024-08-17 03:50:37,827: INFO: comman: yaml file:config\config.yaml load sucessfully]
[2024-08-17 03:50:37,832: INFO: comman: yaml file:params.yaml load sucessfully]
[2024-08-17 03:50:37,835: INFO: comman: Directorys:artifacts sucessfully]
[2024-08-17 03:50:37,837: INFO: comman: Directorys:artifacts/prepare_base_model sucessfully]
[2024-08-17 03:50:40,490: WARNING: saving_utils: Compiled the loaded model, but the compiled metrics have yet to be built. `model.compile_metrics` will be empty until you train or evaluate the model.]
[2024-08-17 04:34:44,035: INFO: utils: NumExpr defaulting to 4 threads.]
[2024-08-17 04:36:03,258: INFO: utils: NumExpr defaulting to 4 threads.]
[2024-08-17 04:36:05,873: INFO: main: >>>>stage:Data Ingestion Stage started<<<<<<]
[2024-08-17 04:36:05,944: INFO: comman: yaml file:config\config.yaml load sucessfully]
[2024-08-17 04:36:05,960: INFO: comman: yaml file:params.yaml load sucessfully]
[2024-08-17 04:36:05,963: INFO: comman: Directorys:artifacts sucessfully]
[2024-08-17 04:36:05,970: INFO: data_ingestion: Downloading data from https://drive.google.com/file/d/1ecywMHUGscWQMX0OpgE61pliJ2MOepbO/view?usp=drive_link to artifacts/data_ingestion/data.zip]
[2024-08-17 04:36:51,274: INFO: data_ingestion: Downloaded data from https://drive.google.com/file/d/1ecywMHUGscWQMX0OpgE61pliJ2MOepbO/view?usp=drive_link to artifacts/data_ingestion/data.zip]
[2024-08-17 04:36:54,253: INFO: main: >>>>>stage:Data Ingestion Stage completed<<<<<]
[2024-08-17 04:36:54,256: INFO: main: >>>>stage:Preparebase model started<<<<<<]
[2024-08-17 04:36:54,278: INFO: comman: yaml file:config\config.yaml load sucessfully]
[2024-08-17 04:36:54,306: INFO: comman: yaml file:params.yaml load sucessfully]
[2024-08-17 04:36:54,311: INFO: comman: Directorys:artifacts sucessfully]
[2024-08-17 04:36:54,317: INFO: comman: Directorys:artifacts/prepare_base_model sucessfully]
[2024-08-17 04:36:56,891: WARNING: saving_utils: Compiled the loaded model, but the compiled metrics have yet to be built. `model.compile_metrics` will be empty until you train or evaluate the model.]
[2024-08-17 04:36:58,029: INFO: main: >>>>>stage:Preparebase model completed<<<<<]
[2024-08-30 17:20:08,856: INFO: utils: NumExpr defaulting to 4 threads.]
[2024-08-30 17:21:57,176: INFO: utils: NumExpr defaulting to 4 threads.]
[2024-08-30 17:37:40,129: INFO: comman: yaml file:config\config.yaml load sucessfully]
[2024-08-30 17:37:40,214: INFO: comman: yaml file:params.yaml load sucessfully]
[2024-08-30 17:37:40,219: INFO: comman: Directorys:artifacts sucessfully]
[2024-08-30 17:39:29,060: INFO: comman: yaml file:config\config.yaml load sucessfully]
[2024-08-30 17:39:29,070: INFO: comman: yaml file:params.yaml load sucessfully]
[2024-08-30 17:39:29,070: INFO: comman: Directorys:artifacts sucessfully]
[2024-08-30 17:40:04,271: INFO: comman: yaml file:config\config.yaml load sucessfully]
[2024-08-30 17:40:04,276: INFO: comman: yaml file:params.yaml load sucessfully]
[2024-08-30 17:40:04,276: INFO: comman: Directorys:artifacts sucessfully]
[2024-08-30 17:41:18,828: INFO: comman: yaml file:config\config.yaml load sucessfully]
[2024-08-30 17:41:18,838: INFO: comman: yaml file:params.yaml load sucessfully]
[2024-08-30 17:41:18,838: INFO: comman: Directorys:artifacts sucessfully]
[2024-08-30 17:43:01,733: INFO: comman: yaml file:config\config.yaml load sucessfully]
[2024-08-30 17:43:01,738: INFO: comman: yaml file:params.yaml load sucessfully]
[2024-08-30 17:43:01,743: INFO: comman: Directorys:artifacts sucessfully]
[2024-08-30 17:43:01,743: INFO: comman: Directorys:artifacts\training sucessfully]
[2024-08-30 17:44:31,336: INFO: comman: yaml file:config\config.yaml load sucessfully]
[2024-08-30 17:44:31,341: INFO: comman: yaml file:params.yaml load sucessfully]
[2024-08-30 17:44:31,346: INFO: comman: Directorys:artifacts sucessfully]
[2024-08-30 17:44:31,346: INFO: comman: Directorys:artifacts\training sucessfully]
[2024-08-30 17:45:22,532: INFO: comman: yaml file:config\config.yaml load sucessfully]
[2024-08-30 17:45:22,542: INFO: comman: yaml file:params.yaml load sucessfully]
[2024-08-30 17:45:22,542: INFO: comman: Directorys:artifacts sucessfully]
[2024-08-30 17:45:22,547: INFO: comman: Directorys:artifacts\training sucessfully]
[2024-08-30 19:07:44,419: INFO: comman: yaml file:config\config.yaml load sucessfully]
[2024-08-30 19:07:44,434: INFO: comman: yaml file:params.yaml load sucessfully]
[2024-08-30 19:07:44,434: INFO: comman: Directorys:artifacts sucessfully]
[2024-08-30 19:07:44,439: INFO: comman: Directorys:artifacts\training sucessfully]
[2024-08-30 19:10:53,135: INFO: comman: yaml file:config\config.yaml load sucessfully]
[2024-08-30 19:10:53,140: INFO: comman: yaml file:params.yaml load sucessfully]
[2024-08-30 19:10:53,145: INFO: comman: Directorys:artifacts sucessfully]
[2024-08-30 19:10:53,145: INFO: comman: Directorys:artifacts\training sucessfully]
[2024-08-30 19:11:32,773: INFO: comman: yaml file:config\config.yaml load sucessfully]
[2024-08-30 19:11:32,778: INFO: comman: yaml file:params.yaml load sucessfully]
[2024-08-30 19:11:32,778: INFO: comman: Directorys:artifacts sucessfully]
[2024-08-30 19:11:32,783: INFO: comman: Directorys:artifacts\training sucessfully]
[2024-08-30 19:12:04,580: INFO: comman: yaml file:config\config.yaml load sucessfully]
[2024-08-30 19:12:04,585: INFO: comman: yaml file:params.yaml load sucessfully]
[2024-08-30 19:12:04,585: INFO: comman: Directorys:artifacts sucessfully]
[2024-08-30 19:12:04,590: INFO: comman: Directorys:artifacts\training sucessfully]
[2024-08-30 19:13:12,442: INFO: comman: yaml file:config\config.yaml load sucessfully]
[2024-08-30 19:13:12,452: INFO: comman: yaml file:params.yaml load sucessfully]
[2024-08-30 19:13:12,452: INFO: comman: Directorys:artifacts sucessfully]
[2024-08-30 19:13:12,457: INFO: comman: Directorys:artifacts\training sucessfully]
[2024-08-30 19:14:15,594: INFO: comman: yaml file:config\config.yaml load sucessfully]
[2024-08-30 19:14:15,604: INFO: comman: yaml file:params.yaml load sucessfully]
[2024-08-30 19:14:15,604: INFO: comman: Directorys:artifacts sucessfully]
[2024-08-30 19:14:15,609: INFO: comman: Directorys:artifacts\training sucessfully]
[2024-08-31 02:38:28,879: INFO: utils: NumExpr defaulting to 4 threads.]
[2024-08-31 02:38:31,943: INFO: comman: yaml file:config\config.yaml load sucessfully]
[2024-08-31 02:38:31,959: INFO: comman: yaml file:params.yaml load sucessfully]
[2024-08-31 02:38:31,959: INFO: comman: Directorys:artifacts sucessfully]
[2024-08-31 02:38:31,959: INFO: comman: Directorys:artifacts\training sucessfully]
[2024-09-02 08:51:09,187: INFO: utils: NumExpr defaulting to 4 threads.]
[2024-09-02 08:54:55,039: INFO: utils: NumExpr defaulting to 4 threads.]
[2024-09-02 08:56:39,321: INFO: utils: NumExpr defaulting to 4 threads.]
[2024-09-02 08:58:30,004: INFO: utils: NumExpr defaulting to 4 threads.]
[2024-09-03 07:18:58,325: INFO: utils: NumExpr defaulting to 4 threads.]
[2024-09-03 07:22:07,054: INFO: utils: NumExpr defaulting to 4 threads.]
[2024-09-03 07:23:46,775: INFO: utils: NumExpr defaulting to 4 threads.]
[2024-09-03 07:25:39,496: INFO: utils: NumExpr defaulting to 4 threads.]
[2024-09-03 07:27:19,149: INFO: utils: NumExpr defaulting to 4 threads.]
[2024-09-03 07:28:37,462: INFO: utils: NumExpr defaulting to 4 threads.]
[2024-09-03 07:28:39,139: INFO: main: >>>>stage:Data Ingestion Stage started<<<<<<]
[2024-09-03 07:28:39,185: INFO: comman: yaml file:config\config.yaml load sucessfully]
[2024-09-03 07:28:39,236: INFO: comman: yaml file:params.yaml load sucessfully]
[2024-09-03 07:28:39,236: INFO: comman: Directorys:artifacts sucessfully]
[2024-09-03 07:28:39,236: INFO: data_ingestion: Downloading data from https://drive.google.com/file/d/1ecywMHUGscWQMX0OpgE61pliJ2MOepbO/view?usp=drive_link to artifacts/data_ingestion/data.zip]
[2024-09-03 07:29:18,272: INFO: data_ingestion: Downloaded data from https://drive.google.com/file/d/1ecywMHUGscWQMX0OpgE61pliJ2MOepbO/view?usp=drive_link to artifacts/data_ingestion/data.zip]
[2024-09-03 07:29:20,382: INFO: main: >>>>>stage:Data Ingestion Stage completed<<<<<]
[2024-09-03 07:29:20,382: INFO: main: >>>>stage:Preparebase model started<<<<<<]
[2024-09-03 07:29:20,423: INFO: comman: yaml file:config\config.yaml load sucessfully]
[2024-09-03 07:29:20,438: INFO: comman: yaml file:params.yaml load sucessfully]
[2024-09-03 07:29:20,438: INFO: comman: Directorys:artifacts sucessfully]
[2024-09-03 07:29:20,447: INFO: comman: Directorys:artifacts/prepare_base_model sucessfully]
[2024-09-03 07:29:22,591: WARNING: saving_utils: Compiled the loaded model, but the compiled metrics have yet to be built. `model.compile_metrics` will be empty until you train or evaluate the model.]
[2024-09-03 07:29:23,219: INFO: main: >>>>>stage:Preparebase model completed<<<<<]
[2024-09-03 07:29:23,219: INFO: main: >>>>stage:Model_Training started<<<<<<]
[2024-09-03 07:29:23,219: INFO: comman: yaml file:config\config.yaml load sucessfully]
[2024-09-03 07:29:23,236: INFO: comman: yaml file:params.yaml load sucessfully]
[2024-09-03 07:29:23,242: INFO: comman: Directorys:artifacts sucessfully]
[2024-09-03 07:29:23,242: INFO: comman: Directorys:artifacts\training sucessfully]
[2024-09-03 07:31:56,345: INFO: utils: NumExpr defaulting to 4 threads.]
[2024-09-03 07:31:57,986: INFO: main: >>>>stage:Data Ingestion Stage started<<<<<<]
[2024-09-03 07:31:58,006: INFO: comman: yaml file:config\config.yaml load sucessfully]
[2024-09-03 07:31:58,016: INFO: comman: yaml file:params.yaml load sucessfully]
[2024-09-03 07:31:58,016: INFO: comman: Directorys:artifacts sucessfully]
[2024-09-03 07:31:58,016: INFO: data_ingestion: Downloading data from https://drive.google.com/file/d/1ecywMHUGscWQMX0OpgE61pliJ2MOepbO/view?usp=drive_link to artifacts/data_ingestion/data.zip]
[2024-09-03 07:32:37,738: INFO: data_ingestion: Downloaded data from https://drive.google.com/file/d/1ecywMHUGscWQMX0OpgE61pliJ2MOepbO/view?usp=drive_link to artifacts/data_ingestion/data.zip]
[2024-09-03 07:32:39,912: INFO: main: >>>>>stage:Data Ingestion Stage completed<<<<<]
[2024-09-03 07:32:39,912: INFO: main: >>>>stage:Preparebase model started<<<<<<]
[2024-09-03 07:32:39,912: INFO: comman: yaml file:config\config.yaml load sucessfully]
[2024-09-03 07:32:39,948: INFO: comman: yaml file:params.yaml load sucessfully]
[2024-09-03 07:32:39,948: INFO: comman: Directorys:artifacts sucessfully]
[2024-09-03 07:32:39,948: INFO: comman: Directorys:artifacts/prepare_base_model sucessfully]
[2024-09-03 07:32:41,455: WARNING: saving_utils: Compiled the loaded model, but the compiled metrics have yet to be built. `model.compile_metrics` will be empty until you train or evaluate the model.]
[2024-09-03 07:32:42,534: INFO: main: >>>>>stage:Preparebase model completed<<<<<]
[2024-09-03 07:32:42,534: INFO: main: >>>>stage:Model_Training started<<<<<<]
[2024-09-03 07:32:42,534: INFO: comman: yaml file:config\config.yaml load sucessfully]
[2024-09-03 07:32:42,550: INFO: comman: yaml file:params.yaml load sucessfully]
[2024-09-03 07:32:42,555: INFO: comman: Directorys:artifacts sucessfully]
[2024-09-03 07:32:42,555: INFO: comman: Directorys:artifacts\training sucessfully]
[2024-09-03 07:41:40,716: INFO: utils: NumExpr defaulting to 4 threads.]
[2024-09-03 07:41:42,960: INFO: main: >>>>stage:Data Ingestion Stage started<<<<<<]
[2024-09-03 07:41:42,970: INFO: comman: yaml file:config\config.yaml load sucessfully]
[2024-09-03 07:41:42,985: INFO: comman: yaml file:params.yaml load sucessfully]
[2024-09-03 07:41:42,990: INFO: comman: Directorys:artifacts sucessfully]
[2024-09-03 07:41:42,990: INFO: data_ingestion: Downloading data from https://drive.google.com/file/d/1ecywMHUGscWQMX0OpgE61pliJ2MOepbO/view?usp=drive_link to artifacts/data_ingestion/data.zip]
[2024-09-03 07:41:43,010: ERROR: main: HTTPSConnectionPool(host='drive.google.com', port=443): Max retries exceeded with url: /uc?/export=download&id=1ecywMHUGscWQMX0OpgE61pliJ2MOepbO (Caused by NewConnectionError('<urllib3.connection.HTTPSConnection object at 0x000001B726AA8490>: Failed to establish a new connection: [Errno 11001] getaddrinfo failed'))]
Traceback (most recent call last):
  File "C:\ProgramData\Anaconda3\lib\site-packages\urllib3\connection.py", line 174, in _new_conn
    conn = connection.create_connection(
  File "C:\ProgramData\Anaconda3\lib\site-packages\urllib3\util\connection.py", line 72, in create_connection
    for res in socket.getaddrinfo(host, port, family, socket.SOCK_STREAM):
  File "C:\ProgramData\Anaconda3\lib\socket.py", line 954, in getaddrinfo
    for res in _socket.getaddrinfo(host, port, family, type, proto, flags):
socket.gaierror: [Errno 11001] getaddrinfo failed

During handling of the above exception, another exception occurred:

Traceback (most recent call last):
  File "C:\ProgramData\Anaconda3\lib\site-packages\urllib3\connectionpool.py", line 703, in urlopen
    httplib_response = self._make_request(
  File "C:\ProgramData\Anaconda3\lib\site-packages\urllib3\connectionpool.py", line 386, in _make_request
    self._validate_conn(conn)
  File "C:\ProgramData\Anaconda3\lib\site-packages\urllib3\connectionpool.py", line 1042, in _validate_conn
    conn.connect()
  File "C:\ProgramData\Anaconda3\lib\site-packages\urllib3\connection.py", line 358, in connect
    self.sock = conn = self._new_conn()
  File "C:\ProgramData\Anaconda3\lib\site-packages\urllib3\connection.py", line 186, in _new_conn
    raise NewConnectionError(
urllib3.exceptions.NewConnectionError: <urllib3.connection.HTTPSConnection object at 0x000001B726AA8490>: Failed to establish a new connection: [Errno 11001] getaddrinfo failed

During handling of the above exception, another exception occurred:

Traceback (most recent call last):
  File "C:\ProgramData\Anaconda3\lib\site-packages\requests\adapters.py", line 489, in send
    resp = conn.urlopen(
  File "C:\ProgramData\Anaconda3\lib\site-packages\urllib3\connectionpool.py", line 787, in urlopen
    retries = retries.increment(
  File "C:\ProgramData\Anaconda3\lib\site-packages\urllib3\util\retry.py", line 592, in increment
    raise MaxRetryError(_pool, url, error or ResponseError(cause))
urllib3.exceptions.MaxRetryError: HTTPSConnectionPool(host='drive.google.com', port=443): Max retries exceeded with url: /uc?/export=download&id=1ecywMHUGscWQMX0OpgE61pliJ2MOepbO (Caused by NewConnectionError('<urllib3.connection.HTTPSConnection object at 0x000001B726AA8490>: Failed to establish a new connection: [Errno 11001] getaddrinfo failed'))

During handling of the above exception, another exception occurred:

Traceback (most recent call last):
  File "D:\AI\Kidney-Disease-Classification-MLflow-DVC\main.py", line 10, in <module>
    obj.main()
  File "D:\AI\Kidney-Disease-Classification-MLflow-DVC\src\cnnClassifier\pipeline\stage01_data_ingestion.py", line 13, in main
    data_ingestion.data_download()
  File "D:\AI\Kidney-Disease-Classification-MLflow-DVC\src\cnnClassifier\components\data_ingestion.py", line 28, in data_download
    raise e
  File "D:\AI\Kidney-Disease-Classification-MLflow-DVC\src\cnnClassifier\components\data_ingestion.py", line 24, in data_download
    gdown.download(prefix+file_id,zip_download_dir)
  File "C:\Users\DELL\AppData\Roaming\Python\Python39\site-packages\gdown\download.py", line 202, in download
    res = sess.get(url, stream=True, verify=verify)
  File "C:\ProgramData\Anaconda3\lib\site-packages\requests\sessions.py", line 600, in get
    return self.request("GET", url, **kwargs)
  File "C:\ProgramData\Anaconda3\lib\site-packages\requests\sessions.py", line 587, in request
    resp = self.send(prep, **send_kwargs)
  File "C:\ProgramData\Anaconda3\lib\site-packages\requests\sessions.py", line 701, in send
    r = adapter.send(request, **kwargs)
  File "C:\ProgramData\Anaconda3\lib\site-packages\requests\adapters.py", line 565, in send
    raise ConnectionError(e, request=request)
requests.exceptions.ConnectionError: HTTPSConnectionPool(host='drive.google.com', port=443): Max retries exceeded with url: /uc?/export=download&id=1ecywMHUGscWQMX0OpgE61pliJ2MOepbO (Caused by NewConnectionError('<urllib3.connection.HTTPSConnection object at 0x000001B726AA8490>: Failed to establish a new connection: [Errno 11001] getaddrinfo failed'))
[2024-09-03 07:42:36,689: INFO: utils: NumExpr defaulting to 4 threads.]
[2024-09-03 07:42:38,199: INFO: main: >>>>stage:Data Ingestion Stage started<<<<<<]
[2024-09-03 07:42:38,209: INFO: comman: yaml file:config\config.yaml load sucessfully]
[2024-09-03 07:42:38,214: INFO: comman: yaml file:params.yaml load sucessfully]
[2024-09-03 07:42:38,214: INFO: comman: Directorys:artifacts sucessfully]
[2024-09-03 07:42:38,219: INFO: data_ingestion: Downloading data from https://drive.google.com/file/d/1ecywMHUGscWQMX0OpgE61pliJ2MOepbO/view?usp=drive_link to artifacts/data_ingestion/data.zip]
[2024-09-03 07:42:38,244: ERROR: main: HTTPSConnectionPool(host='drive.google.com', port=443): Max retries exceeded with url: /uc?/export=download&id=1ecywMHUGscWQMX0OpgE61pliJ2MOepbO (Caused by NewConnectionError('<urllib3.connection.HTTPSConnection object at 0x000001D9B7CE04C0>: Failed to establish a new connection: [Errno 11001] getaddrinfo failed'))]
Traceback (most recent call last):
  File "C:\ProgramData\Anaconda3\lib\site-packages\urllib3\connection.py", line 174, in _new_conn
    conn = connection.create_connection(
  File "C:\ProgramData\Anaconda3\lib\site-packages\urllib3\util\connection.py", line 72, in create_connection
    for res in socket.getaddrinfo(host, port, family, socket.SOCK_STREAM):
  File "C:\ProgramData\Anaconda3\lib\socket.py", line 954, in getaddrinfo
    for res in _socket.getaddrinfo(host, port, family, type, proto, flags):
socket.gaierror: [Errno 11001] getaddrinfo failed

During handling of the above exception, another exception occurred:

Traceback (most recent call last):
  File "C:\ProgramData\Anaconda3\lib\site-packages\urllib3\connectionpool.py", line 703, in urlopen
    httplib_response = self._make_request(
  File "C:\ProgramData\Anaconda3\lib\site-packages\urllib3\connectionpool.py", line 386, in _make_request
    self._validate_conn(conn)
  File "C:\ProgramData\Anaconda3\lib\site-packages\urllib3\connectionpool.py", line 1042, in _validate_conn
    conn.connect()
  File "C:\ProgramData\Anaconda3\lib\site-packages\urllib3\connection.py", line 358, in connect
    self.sock = conn = self._new_conn()
  File "C:\ProgramData\Anaconda3\lib\site-packages\urllib3\connection.py", line 186, in _new_conn
    raise NewConnectionError(
urllib3.exceptions.NewConnectionError: <urllib3.connection.HTTPSConnection object at 0x000001D9B7CE04C0>: Failed to establish a new connection: [Errno 11001] getaddrinfo failed

During handling of the above exception, another exception occurred:

Traceback (most recent call last):
  File "C:\ProgramData\Anaconda3\lib\site-packages\requests\adapters.py", line 489, in send
    resp = conn.urlopen(
  File "C:\ProgramData\Anaconda3\lib\site-packages\urllib3\connectionpool.py", line 787, in urlopen
    retries = retries.increment(
  File "C:\ProgramData\Anaconda3\lib\site-packages\urllib3\util\retry.py", line 592, in increment
    raise MaxRetryError(_pool, url, error or ResponseError(cause))
urllib3.exceptions.MaxRetryError: HTTPSConnectionPool(host='drive.google.com', port=443): Max retries exceeded with url: /uc?/export=download&id=1ecywMHUGscWQMX0OpgE61pliJ2MOepbO (Caused by NewConnectionError('<urllib3.connection.HTTPSConnection object at 0x000001D9B7CE04C0>: Failed to establish a new connection: [Errno 11001] getaddrinfo failed'))

During handling of the above exception, another exception occurred:

Traceback (most recent call last):
  File "D:\AI\Kidney-Disease-Classification-MLflow-DVC\main.py", line 10, in <module>
    obj.main()
  File "D:\AI\Kidney-Disease-Classification-MLflow-DVC\src\cnnClassifier\pipeline\stage01_data_ingestion.py", line 13, in main
    data_ingestion.data_download()
  File "D:\AI\Kidney-Disease-Classification-MLflow-DVC\src\cnnClassifier\components\data_ingestion.py", line 28, in data_download
    raise e
  File "D:\AI\Kidney-Disease-Classification-MLflow-DVC\src\cnnClassifier\components\data_ingestion.py", line 24, in data_download
    gdown.download(prefix+file_id,zip_download_dir)
  File "C:\Users\DELL\AppData\Roaming\Python\Python39\site-packages\gdown\download.py", line 202, in download
    res = sess.get(url, stream=True, verify=verify)
  File "C:\ProgramData\Anaconda3\lib\site-packages\requests\sessions.py", line 600, in get
    return self.request("GET", url, **kwargs)
  File "C:\ProgramData\Anaconda3\lib\site-packages\requests\sessions.py", line 587, in request
    resp = self.send(prep, **send_kwargs)
  File "C:\ProgramData\Anaconda3\lib\site-packages\requests\sessions.py", line 701, in send
    r = adapter.send(request, **kwargs)
  File "C:\ProgramData\Anaconda3\lib\site-packages\requests\adapters.py", line 565, in send
    raise ConnectionError(e, request=request)
requests.exceptions.ConnectionError: HTTPSConnectionPool(host='drive.google.com', port=443): Max retries exceeded with url: /uc?/export=download&id=1ecywMHUGscWQMX0OpgE61pliJ2MOepbO (Caused by NewConnectionError('<urllib3.connection.HTTPSConnection object at 0x000001D9B7CE04C0>: Failed to establish a new connection: [Errno 11001] getaddrinfo failed'))
[2024-09-03 07:44:13,298: INFO: utils: NumExpr defaulting to 4 threads.]
[2024-09-03 07:44:14,853: INFO: main: >>>>stage:Model_Training started<<<<<<]
[2024-09-03 07:44:14,858: INFO: comman: yaml file:config\config.yaml load sucessfully]
[2024-09-03 07:44:14,878: INFO: comman: yaml file:params.yaml load sucessfully]
[2024-09-03 07:44:14,888: INFO: comman: Directorys:artifacts sucessfully]
[2024-09-03 07:44:14,888: INFO: comman: Directorys:artifacts\training sucessfully]
[2024-09-03 07:59:19,295: INFO: main: >>>>>stage:Model_Training completed<<<<<]
[2024-09-04 07:43:05,037: INFO: utils: NumExpr defaulting to 4 threads.]
[2024-09-04 07:43:07,578: INFO: main: >>>>stage:Data Ingestion Stage started<<<<<<]
[2024-09-04 07:43:07,593: INFO: comman: yaml file:config\config.yaml load sucessfully]
[2024-09-04 07:43:07,609: INFO: comman: yaml file:params.yaml load sucessfully]
[2024-09-04 07:43:07,614: INFO: comman: Directorys:artifacts sucessfully]
[2024-09-04 07:43:07,614: INFO: data_ingestion: Downloading data from https://drive.google.com/file/d/1ecywMHUGscWQMX0OpgE61pliJ2MOepbO/view?usp=drive_link to artifacts/data_ingestion/data.zip]
[2024-09-04 07:44:19,473: INFO: data_ingestion: Downloaded data from https://drive.google.com/file/d/1ecywMHUGscWQMX0OpgE61pliJ2MOepbO/view?usp=drive_link to artifacts/data_ingestion/data.zip]
[2024-09-04 07:44:21,920: INFO: main: >>>>>stage:Data Ingestion Stage completed<<<<<]
[2024-09-04 07:44:21,920: INFO: main: >>>>stage:Preparebase model started<<<<<<]
[2024-09-04 07:44:21,938: INFO: comman: yaml file:config\config.yaml load sucessfully]
[2024-09-04 07:44:21,938: INFO: comman: yaml file:params.yaml load sucessfully]
[2024-09-04 07:44:21,948: INFO: comman: Directorys:artifacts sucessfully]
[2024-09-04 07:44:21,948: INFO: comman: Directorys:artifacts/prepare_base_model sucessfully]
[2024-09-04 07:44:24,133: WARNING: saving_utils: Compiled the loaded model, but the compiled metrics have yet to be built. `model.compile_metrics` will be empty until you train or evaluate the model.]
[2024-09-04 07:44:24,803: INFO: main: >>>>>stage:Preparebase model completed<<<<<]
[2024-09-04 07:44:24,803: INFO: main: >>>>stage:Model_Training started<<<<<<]
[2024-09-04 07:44:24,803: INFO: comman: yaml file:config\config.yaml load sucessfully]
[2024-09-04 07:44:24,822: INFO: comman: yaml file:params.yaml load sucessfully]
[2024-09-04 07:44:24,828: INFO: comman: Directorys:artifacts sucessfully]
[2024-09-04 07:44:24,828: INFO: comman: Directorys:artifacts\training sucessfully]
[2024-09-25 18:08:51,281: INFO: utils: NumExpr defaulting to 4 threads.]
[2024-09-25 18:08:54,059: INFO: main: >>>>stage:Data Ingestion Stage started<<<<<<]
[2024-09-25 18:08:54,086: INFO: comman: yaml file:config\config.yaml load sucessfully]
[2024-09-25 18:08:54,157: INFO: comman: yaml file:params.yaml load sucessfully]
[2024-09-25 18:08:54,161: INFO: comman: Directorys:artifacts sucessfully]
[2024-09-25 18:08:54,161: INFO: data_ingestion: Downloading data from https://drive.google.com/file/d/1ecywMHUGscWQMX0OpgE61pliJ2MOepbO/view?usp=drive_link to artifacts/data_ingestion/data.zip]
[2024-09-25 18:09:50,076: INFO: data_ingestion: Downloaded data from https://drive.google.com/file/d/1ecywMHUGscWQMX0OpgE61pliJ2MOepbO/view?usp=drive_link to artifacts/data_ingestion/data.zip]
[2024-09-25 18:09:53,414: INFO: main: >>>>>stage:Data Ingestion Stage completed<<<<<]
[2024-09-25 18:09:53,414: INFO: main: >>>>stage:Preparebase model started<<<<<<]
[2024-09-25 18:09:53,439: INFO: comman: yaml file:config\config.yaml load sucessfully]
[2024-09-25 18:09:53,464: INFO: comman: yaml file:params.yaml load sucessfully]
[2024-09-25 18:09:53,474: INFO: comman: Directorys:artifacts sucessfully]
[2024-09-25 18:09:53,489: INFO: comman: Directorys:artifacts/prepare_base_model sucessfully]
[2024-09-25 18:09:56,562: WARNING: saving_utils: Compiled the loaded model, but the compiled metrics have yet to be built. `model.compile_metrics` will be empty until you train or evaluate the model.]
[2024-09-25 18:09:57,762: INFO: main: >>>>>stage:Preparebase model completed<<<<<]
[2024-09-25 18:09:57,762: INFO: main: >>>>stage:Model_Training started<<<<<<]
[2024-09-25 18:09:57,772: INFO: comman: yaml file:config\config.yaml load sucessfully]
[2024-09-25 18:09:57,797: INFO: comman: yaml file:params.yaml load sucessfully]
[2024-09-25 18:09:57,807: INFO: comman: Directorys:artifacts sucessfully]
[2024-09-25 18:09:57,812: INFO: comman: Directorys:artifacts\training sucessfully]
[2024-10-15 06:02:21,942: INFO: utils: NumExpr defaulting to 4 threads.]
[2024-10-15 06:02:24,387: INFO: main: >>>>stage:Model_Training started<<<<<<]
[2024-10-15 06:02:24,403: INFO: comman: yaml file:config\config.yaml load sucessfully]
[2024-10-15 06:02:24,440: INFO: comman: yaml file:params.yaml load sucessfully]
[2024-10-15 06:02:24,440: INFO: comman: Directorys:artifacts sucessfully]
[2024-10-15 06:02:24,447: INFO: comman: Directorys:artifacts\training sucessfully]
[2024-10-15 06:15:24,459: INFO: main: >>>>>stage:Model_Training completed<<<<<]
[2024-12-01 02:51:50,817: INFO: utils: NumExpr defaulting to 4 threads.]
[2024-12-01 02:51:53,887: INFO: main: >>>>stage:Model_Training started<<<<<<]
[2024-12-01 02:51:53,940: INFO: comman: yaml file:config\config.yaml load sucessfully]
[2024-12-01 02:51:53,981: INFO: comman: yaml file:params.yaml load sucessfully]
[2024-12-01 02:51:53,984: INFO: comman: Directorys:artifacts sucessfully]
[2024-12-01 02:51:53,987: INFO: comman: Directorys:artifacts\training sucessfully]
[2025-01-18 05:31:15,728: INFO: utils: NumExpr defaulting to 4 threads.]
[2025-01-18 05:31:17,907: INFO: main: >>>>stage:Model_Training started<<<<<<]
[2025-01-18 05:31:17,938: INFO: comman: yaml file:config\config.yaml load sucessfully]
[2025-01-18 05:31:17,969: INFO: comman: yaml file:params.yaml load sucessfully]
[2025-01-18 05:31:17,972: INFO: comman: Directorys:artifacts sucessfully]
[2025-01-18 05:31:17,973: INFO: comman: Directorys:artifacts\training sucessfully]
[2025-02-03 08:28:04,541: INFO: utils: NumExpr defaulting to 4 threads.]
[2025-02-03 08:28:07,631: INFO: main: >>>>stage:Model_Training started<<<<<<]
[2025-02-03 08:28:07,678: INFO: comman: yaml file:config\config.yaml load sucessfully]
[2025-02-03 08:28:07,709: INFO: comman: yaml file:params.yaml load sucessfully]
[2025-02-03 08:28:07,710: INFO: comman: Directorys:artifacts sucessfully]
[2025-02-03 08:28:07,711: INFO: comman: Directorys:artifacts\training sucessfully]
[2025-02-04 08:36:04,715: INFO: comman: yaml file:config\config.yaml load sucessfully]
[2025-02-04 08:36:04,745: INFO: comman: yaml file:params.yaml load sucessfully]
[2025-02-04 08:37:41,750: INFO: _client: HTTP Request: GET https://dagshub.com/api/v1/repos/starmoorthy555/Kidney-Disease-Classification-MLflow-DVC "HTTP/1.1 200 OK"]
[2025-02-04 08:37:41,765: INFO: helpers: Initialized MLflow to track repo "starmoorthy555/Kidney-Disease-Classification-MLflow-DVC"]
[2025-02-04 08:37:41,770: INFO: helpers: Repository starmoorthy555/Kidney-Disease-Classification-MLflow-DVC initialized!]
[2025-02-10 17:10:32,973: INFO: comman: yaml file:config\config.yaml load sucessfully]
[2025-02-10 17:10:32,982: INFO: comman: yaml file:params.yaml load sucessfully]
[2025-02-10 17:10:32,987: INFO: comman: Directorys:artifacts sucessfully]
[2025-02-10 17:13:59,407: INFO: comman: yaml file:config\config.yaml load sucessfully]
[2025-02-10 17:13:59,414: INFO: comman: yaml file:params.yaml load sucessfully]
[2025-02-10 17:13:59,417: INFO: comman: Directorys:artifacts sucessfully]
[2025-02-10 17:18:18,301: INFO: comman: yaml file:config\config.yaml load sucessfully]
[2025-02-10 17:18:18,308: INFO: comman: yaml file:params.yaml load sucessfully]
[2025-02-10 17:18:18,311: INFO: comman: Directorys:artifacts sucessfully]
[2025-02-10 17:19:56,262: INFO: comman: yaml file:config\config.yaml load sucessfully]
[2025-02-10 17:19:56,270: INFO: comman: yaml file:params.yaml load sucessfully]
[2025-02-10 17:19:56,270: INFO: comman: Directorys:artifacts sucessfully]
[2025-02-10 17:24:01,317: INFO: comman: yaml file:config\config.yaml load sucessfully]
[2025-02-10 17:24:01,325: INFO: comman: yaml file:params.yaml load sucessfully]
[2025-02-10 17:24:01,327: INFO: comman: Directorys:artifacts sucessfully]
[2025-02-10 17:26:17,877: INFO: utils: NumExpr defaulting to 4 threads.]
[2025-02-10 17:27:51,213: INFO: utils: NumExpr defaulting to 4 threads.]
[2025-02-10 17:27:54,115: INFO: main: >>>>stage:Model_Training started<<<<<<]
[2025-02-10 17:27:54,120: INFO: comman: yaml file:config\config.yaml load sucessfully]
[2025-02-10 17:27:54,125: INFO: comman: yaml file:params.yaml load sucessfully]
[2025-02-10 17:27:54,130: INFO: comman: Directorys:artifacts sucessfully]
[2025-02-10 17:27:54,130: INFO: comman: Directorys:artifacts\training sucessfully]
[2025-02-10 17:27:58,498: INFO: main: >>>>stage:Model_Training started<<<<<<]
[2025-02-10 17:27:58,518: INFO: comman: yaml file:config\config.yaml load sucessfully]
[2025-02-10 17:27:58,528: INFO: comman: yaml file:params.yaml load sucessfully]
[2025-02-10 17:27:58,533: INFO: comman: Directorys:artifacts sucessfully]
[2025-02-10 17:27:58,533: INFO: comman: Directorys:artifacts\training sucessfully]
[2025-02-10 17:44:50,741: INFO: main: >>>>>stage:Model_Training completed<<<<<]
[2025-02-10 17:44:50,741: INFO: main: *******************]
[2025-02-10 17:44:50,741: INFO: main: >>>>>> stage Model_Evaluation started <<<<<<]
[2025-02-10 17:44:50,741: ERROR: main: name 'EvaluationPipeline' is not defined]
Traceback (most recent call last):
  File "D:\AI\Kidney-Disease-Classification-MLflow-DVC\main.py", line 43, in <module>
    obj = EvaluationPipeline()
NameError: name 'EvaluationPipeline' is not defined
[2025-02-10 17:50:24,102: INFO: utils: NumExpr defaulting to 4 threads.]
[2025-02-10 17:53:58,225: INFO: utils: NumExpr defaulting to 4 threads.]
[2025-02-10 17:56:03,050: INFO: utils: NumExpr defaulting to 4 threads.]
[2025-02-10 17:57:45,786: INFO: utils: NumExpr defaulting to 4 threads.]
[2025-02-10 17:57:57,731: INFO: main: *******************]
[2025-02-10 17:57:57,733: ERROR: main: name 'STAGE_NAME' is not defined]
Traceback (most recent call last):
  File "D:\AI\Kidney-Disease-Classification-MLflow-DVC\main.py", line 44, in <module>
    logger.info(f">>>>>> stage {STAGE_NAME} started <<<<<<")
NameError: name 'STAGE_NAME' is not defined
[2025-02-10 18:01:53,598: INFO: utils: NumExpr defaulting to 4 threads.]
[2025-02-10 18:02:07,957: INFO: main: *******************]
[2025-02-10 18:02:07,959: INFO: main: >>>>>> stage Model_Evaluation started <<<<<<]
[2025-02-10 18:02:08,052: INFO: comman: yaml file:config\config.yaml load sucessfully]
[2025-02-10 18:02:08,083: INFO: comman: yaml file:params.yaml load sucessfully]
[2025-02-10 18:02:08,086: INFO: comman: Directorys:artifacts sucessfully]
[2025-02-10 18:02:08,088: ERROR: main: 'ConfigurationManager' object has no attribute 'params']
Traceback (most recent call last):
  File "D:\AI\Kidney-Disease-Classification-MLflow-DVC\main.py", line 46, in <module>
    obj.main()
  File "D:\AI\Kidney-Disease-Classification-MLflow-DVC\src\cnnClassifier\pipeline\stage04_model_evaluation.py", line 13, in main
    eval_config = config.get_evaluation_config()
  File "D:\AI\Kidney-Disease-Classification-MLflow-DVC\src\cnnClassifier\config\configration.py", line 69, in get_evaluation_config
    all_params=self.params,
AttributeError: 'ConfigurationManager' object has no attribute 'params'
[2025-02-10 18:03:48,761: INFO: utils: NumExpr defaulting to 4 threads.]
[2025-02-10 18:04:11,071: INFO: main: *******************]
[2025-02-10 18:04:11,073: INFO: main: >>>>>> stage Model_Evaluation started <<<<<<]
[2025-02-10 18:04:11,109: INFO: comman: yaml file:config\config.yaml load sucessfully]
[2025-02-10 18:04:11,145: INFO: comman: yaml file:params.yaml load sucessfully]
[2025-02-10 18:04:11,154: INFO: comman: Directorys:artifacts sucessfully]
[2025-02-10 18:04:11,158: ERROR: main: 'ConfigurationManager' object has no attribute 'params']
Traceback (most recent call last):
  File "D:\AI\Kidney-Disease-Classification-MLflow-DVC\main.py", line 46, in <module>
    obj.main()
  File "D:\AI\Kidney-Disease-Classification-MLflow-DVC\src\cnnClassifier\pipeline\stage04_model_evaluation.py", line 13, in main
    eval_config = config.get_evaluation_config()
  File "D:\AI\Kidney-Disease-Classification-MLflow-DVC\src\cnnClassifier\config\configration.py", line 69, in get_evaluation_config
    all_parms=self.params,
AttributeError: 'ConfigurationManager' object has no attribute 'params'
[2025-02-10 18:06:38,047: INFO: utils: NumExpr defaulting to 4 threads.]
[2025-02-10 18:06:52,213: INFO: main: *******************]
[2025-02-10 18:06:52,215: INFO: main: >>>>>> stage Model_Evaluation started <<<<<<]
[2025-02-10 18:06:52,247: INFO: comman: yaml file:config\config.yaml load sucessfully]
[2025-02-10 18:06:52,268: INFO: comman: yaml file:params.yaml load sucessfully]
[2025-02-10 18:06:52,279: INFO: comman: Directorys:artifacts sucessfully]
[2025-02-10 18:06:52,282: ERROR: main: __init__() got an unexpected keyword argument 'all_parms']
Traceback (most recent call last):
  File "D:\AI\Kidney-Disease-Classification-MLflow-DVC\main.py", line 46, in <module>
    obj.main()
  File "D:\AI\Kidney-Disease-Classification-MLflow-DVC\src\cnnClassifier\pipeline\stage04_model_evaluation.py", line 13, in main
    eval_config = config.get_evaluation_config()
  File "D:\AI\Kidney-Disease-Classification-MLflow-DVC\src\cnnClassifier\config\configration.py", line 65, in get_evaluation_config
    eval_config = EvaluationConfig(
TypeError: __init__() got an unexpected keyword argument 'all_parms'
[2025-02-10 18:08:43,077: INFO: utils: NumExpr defaulting to 4 threads.]
[2025-02-10 18:08:55,701: INFO: main: *******************]
[2025-02-10 18:08:55,703: INFO: main: >>>>>> stage Model_Evaluation started <<<<<<]
[2025-02-10 18:08:55,738: INFO: comman: yaml file:config\config.yaml load sucessfully]
[2025-02-10 18:08:55,785: INFO: comman: yaml file:params.yaml load sucessfully]
[2025-02-10 18:08:55,788: INFO: comman: Directorys:artifacts sucessfully]
[2025-02-10 18:09:00,399: ERROR: main: name 'model' is not defined]
Traceback (most recent call last):
  File "D:\AI\Kidney-Disease-Classification-MLflow-DVC\main.py", line 46, in <module>
    obj.main()
  File "D:\AI\Kidney-Disease-Classification-MLflow-DVC\src\cnnClassifier\pipeline\stage04_model_evaluation.py", line 15, in main
    evaluation.evaluation()
  File "D:\AI\Kidney-Disease-Classification-MLflow-DVC\src\cnnClassifier\components\model_evaluation.py", line 48, in evaluation
    self.score = model.evaluate(self.valid_generator)
NameError: name 'model' is not defined
[2025-02-10 18:11:00,588: INFO: utils: NumExpr defaulting to 4 threads.]
[2025-02-10 18:11:13,076: INFO: main: *******************]
[2025-02-10 18:11:13,083: INFO: main: >>>>>> stage Model_Evaluation started <<<<<<]
[2025-02-10 18:11:13,101: INFO: comman: yaml file:config\config.yaml load sucessfully]
[2025-02-10 18:11:13,117: INFO: comman: yaml file:params.yaml load sucessfully]
[2025-02-10 18:11:13,120: INFO: comman: Directorys:artifacts sucessfully]
[2025-02-10 18:13:21,060: INFO: comman: Json_file save at: scores.json]
[2025-02-10 18:13:21,062: INFO: comman: Json_file save at: scores.json]
[2025-02-10 18:13:21,063: INFO: main: >>>>>> stage Model_Evaluation completed <<<<<<

x==========x]
[2025-02-10 18:14:51,032: INFO: utils: NumExpr defaulting to 4 threads.]
[2025-02-10 18:14:59,362: INFO: main: *******************]
[2025-02-10 18:14:59,362: INFO: main: >>>>>> stage Model_Evaluation started <<<<<<]
[2025-02-10 18:14:59,377: INFO: comman: yaml file:config\config.yaml load sucessfully]
[2025-02-10 18:14:59,387: INFO: comman: yaml file:params.yaml load sucessfully]
[2025-02-10 18:14:59,387: INFO: comman: Directorys:artifacts sucessfully]
[2025-02-10 18:16:31,809: INFO: comman: Json_file save at: scores.json]
[2025-02-10 18:16:31,809: INFO: comman: Json_file save at: scores.json]
[2025-02-10 18:16:32,412: ERROR: main: Yaml file 'D:\AI\Kidney-Disease-Classification-MLflow-DVC\mlruns\0\meta.yaml' does not exist.]
Traceback (most recent call last):
  File "D:\AI\Kidney-Disease-Classification-MLflow-DVC\main.py", line 46, in <module>
    obj.main()
  File "D:\AI\Kidney-Disease-Classification-MLflow-DVC\src\cnnClassifier\pipeline\stage04_model_evaluation.py", line 17, in main
    evaluation.log_into_mlflow()
  File "D:\AI\Kidney-Disease-Classification-MLflow-DVC\src\cnnClassifier\components\model_evaluation.py", line 60, in log_into_mlflow
    with mlflow.start_run():
  File "C:\Users\DELL\AppData\Roaming\Python\Python39\site-packages\mlflow\tracking\fluent.py", line 350, in start_run
    active_run_obj = client.create_run(
  File "C:\Users\DELL\AppData\Roaming\Python\Python39\site-packages\mlflow\tracking\client.py", line 275, in create_run
    return self._tracking_client.create_run(experiment_id, start_time, tags, run_name)
  File "C:\Users\DELL\AppData\Roaming\Python\Python39\site-packages\mlflow\tracking\_tracking_service\client.py", line 131, in create_run
    return self.store.create_run(
  File "C:\Users\DELL\AppData\Roaming\Python\Python39\site-packages\mlflow\store\tracking\file_store.py", line 579, in create_run
    experiment = self.get_experiment(experiment_id)
  File "C:\Users\DELL\AppData\Roaming\Python\Python39\site-packages\mlflow\store\tracking\file_store.py", line 410, in get_experiment
    experiment = self._get_experiment(experiment_id)
  File "C:\Users\DELL\AppData\Roaming\Python\Python39\site-packages\mlflow\store\tracking\file_store.py", line 383, in _get_experiment
    meta = FileStore._read_yaml(experiment_dir, FileStore.META_DATA_FILE_NAME)
  File "C:\Users\DELL\AppData\Roaming\Python\Python39\site-packages\mlflow\store\tracking\file_store.py", line 1083, in _read_yaml
    return _read_helper(root, file_name, attempts_remaining=retries)
  File "C:\Users\DELL\AppData\Roaming\Python\Python39\site-packages\mlflow\store\tracking\file_store.py", line 1076, in _read_helper
    result = read_yaml(root, file_name)
  File "C:\Users\DELL\AppData\Roaming\Python\Python39\site-packages\mlflow\utils\file_utils.py", line 214, in read_yaml
    raise MissingConfigException("Yaml file '%s' does not exist." % file_path)
mlflow.exceptions.MissingConfigException: Yaml file 'D:\AI\Kidney-Disease-Classification-MLflow-DVC\mlruns\0\meta.yaml' does not exist.
